cc -O2 -DHAVE_STDC_HEADERS   -c -o jcapimin.o jcapimin.c
cc -O2 -DHAVE_STDC_HEADERS   -c -o jcapistd.o jcapistd.c
cc -O2 -DHAVE_STDC_HEADERS   -c -o jctrans.o jctrans.c
cc -O2 -DHAVE_STDC_HEADERS   -c -o jcparam.o jcparam.c
cc -O2 -DHAVE_STDC_HEADERS   -c -o jdatadst.o jdatadst.c
cc -O2 -DHAVE_STDC_HEADERS   -c -o jcinit.o jcinit.c
cc -O2 -DHAVE_STDC_HEADERS   -c -o jcmaster.o jcmaster.c
cc -O2 -DHAVE_STDC_HEADERS   -c -o jcmarker.o jcmarker.c
cc -O2 -DHAVE_STDC_HEADERS   -c -o jcmainct.o jcmainct.c
cc -O2 -DHAVE_STDC_HEADERS   -c -o jcprepct.o jcprepct.c
cc -O2 -DHAVE_STDC_HEADERS   -c -o jccoefct.o jccoefct.c
cc -O2 -DHAVE_STDC_HEADERS   -c -o jccolor.o jccolor.c
cc -O2 -DHAVE_STDC_HEADERS   -c -o jcsample.o jcsample.c
cc -O2 -DHAVE_STDC_HEADERS   -c -o jchuff.o jchuff.c
cc -O2 -DHAVE_STDC_HEADERS   -c -o jcphuff.o jcphuff.c
cc -O2 -DHAVE_STDC_HEADERS   -c -o jcdctmgr.o jcdctmgr.c
cc -O2 -DHAVE_STDC_HEADERS   -c -o jfdctfst.o jfdctfst.c
cc -O2 -DHAVE_STDC_HEADERS   -c -o jfdctflt.o jfdctflt.c
cc -O2 -DHAVE_STDC_HEADERS   -c -o jfdctint.o jfdctint.c
cc -O2 -DHAVE_STDC_HEADERS   -c -o jdapimin.o jdapimin.c
cc -O2 -DHAVE_STDC_HEADERS   -c -o jdapistd.o jdapistd.c
cc -O2 -DHAVE_STDC_HEADERS   -c -o jdtrans.o jdtrans.c
cc -O2 -DHAVE_STDC_HEADERS   -c -o jdatasrc.o jdatasrc.c
cc -O2 -DHAVE_STDC_HEADERS   -c -o jdmaster.o jdmaster.c
cc -O2 -DHAVE_STDC_HEADERS   -c -o jdinput.o jdinput.c
cc -O2 -DHAVE_STDC_HEADERS   -c -o jdmarker.o jdmarker.c
cc -O2 -DHAVE_STDC_HEADERS   -c -o jdhuff.o jdhuff.c
cc -O2 -DHAVE_STDC_HEADERS   -c -o jdphuff.o jdphuff.c
cc -O2 -DHAVE_STDC_HEADERS   -c -o jdmainct.o jdmainct.c
cc -O2 -DHAVE_STDC_HEADERS   -c -o jdcoefct.o jdcoefct.c
cc -O2 -DHAVE_STDC_HEADERS   -c -o jdpostct.o jdpostct.c
cc -O2 -DHAVE_STDC_HEADERS   -c -o jddctmgr.o jddctmgr.c
cc -O2 -DHAVE_STDC_HEADERS   -c -o jidctfst.o jidctfst.c
cc -O2 -DHAVE_STDC_HEADERS   -c -o jidctflt.o jidctflt.c
cc -O2 -DHAVE_STDC_HEADERS   -c -o jidctint.o jidctint.c
cc -O2 -DHAVE_STDC_HEADERS   -c -o jidctred.o jidctred.c
cc -O2 -DHAVE_STDC_HEADERS   -c -o jdsample.o jdsample.c
cc -O2 -DHAVE_STDC_HEADERS   -c -o jdcolor.o jdcolor.c
cc -O2 -DHAVE_STDC_HEADERS   -c -o jquant1.o jquant1.c
cc -O2 -DHAVE_STDC_HEADERS   -c -o jquant2.o jquant2.c
cc -O2 -DHAVE_STDC_HEADERS   -c -o jdmerge.o jdmerge.c
cc -O2 -DHAVE_STDC_HEADERS   -c -o jcomapi.o jcomapi.c
cc -O2 -DHAVE_STDC_HEADERS   -c -o jutils.o jutils.c
cc -O2 -DHAVE_STDC_HEADERS   -c -o jerror.o jerror.c
cc -O2 -DHAVE_STDC_HEADERS   -c -o jmemmgr.o jmemmgr.c
cc -O2 -DHAVE_STDC_HEADERS   -c -o jmemnobs.o jmemnobs.c
rm -f libjpeg.a
ar rc libjpeg.a  jcapimin.o jcapistd.o jctrans.o jcparam.o jdatadst.o jcinit.o jcmaster.o jcmarker.o jcmainct.o jcprepct.o jccoefct.o jccolor.o jcsample.o jchuff.o jcphuff.o jcdctmgr.o jfdctfst.o jfdctflt.o jfdctint.o jdapimin.o jdapistd.o jdtrans.o jdatasrc.o jdmaster.o jdinput.o jdmarker.o jdhuff.o jdphuff.o jdmainct.o jdcoefct.o jdpostct.o jddctmgr.o jidctfst.o jidctflt.o jidctint.o jidctred.o jdsample.o jdcolor.o jquant1.o jquant2.o jdmerge.o jcomapi.o jutils.o jerror.o jmemmgr.o jmemnobs.o
ranlib libjpeg.a
